// Jest Snapshot v1, https://goo.gl/fbAQLP

exports[`App should render without errors 1`] = `
<div
  id="app"
>
   
  <div>
    <button>
      Click here to add new entry
    </button>
  </div>
</div>
`;
